---
source: crates/lore/tests/chunk_snapshots.rs
expression: "render(& chunk_fixture(\"javascript/widget.jsx\"))"
---
code[group] #s0
  lang=Some("javascript") lines 1-3 bytes 0..62 (62 B)
  first: import React, { useState } from "react";
code[function_declaration] HitList
  lang=Some("javascript") lines 5-25 bytes 64..565 (501 B)
  first: /**
code[class_declaration] HitStore
  lang=Some("javascript") lines 27-38 bytes 567..714 (147 B)
  first: export class HitStore {
